// Jest Snapshot v1, https://goo.gl/fbAQLP

exports[`Form should render the Form correctly 1`] = `
Object {
  "asFragment": [Function],
  "baseElement": .c3 {
  padding: 0.5rem;
  border-radius: 0.5rem;
  -webkit-transition: background-color 0.2s;
  transition: background-color 0.2s;
  display: -webkit-box;
  display: -webkit-flex;
  display: -ms-flexbox;
  display: flex;
  -webkit-align-items: center;
  -webkit-box-align: center;
  -ms-flex-align: center;
  align-items: center;
  gap: 0.25rem;
  background-color: #754A56;
  color: #FFFFFF;
}

.c3:hover {
  background-color: #845864;
}

.c1 {
  background-color: #FFFFFF;
  border: 2px solid #E6EAEA;
  outline: none;
  border-radius: 0.25rem;
  width: 100%;
  padding: 0.5rem;
  -webkit-transition: outline 0.2s,border 0.2s;
  transition: outline 0.2s,border 0.2s;
}

.c1:focus {
  border-color: #8CCFDE;
}

.c2 {
  margin-top: 0.5rem;
}

.c0 {
  padding: 0.25rem;
}

<body>
    <div>
      <form
        action="#"
        class="c0"
      >
        <div>
          <input
            class="c1"
            name="input"
            placeholder="my input"
            value="my input"
          />
        </div>
        <div
          class="c2"
          size="2"
        />
        <button
          class="c3"
          type="submit"
        >
          Confirm
        </button>
      </form>
    </div>
  </body>,
  "container": .c3 {
  padding: 0.5rem;
  border-radius: 0.5rem;
  -webkit-transition: background-color 0.2s;
  transition: background-color 0.2s;
  display: -webkit-box;
  display: -webkit-flex;
  display: -ms-flexbox;
  display: flex;
  -webkit-align-items: center;
  -webkit-box-align: center;
  -ms-flex-align: center;
  align-items: center;
  gap: 0.25rem;
  background-color: #754A56;
  color: #FFFFFF;
}

.c3:hover {
  background-color: #845864;
}

.c1 {
  background-color: #FFFFFF;
  border: 2px solid #E6EAEA;
  outline: none;
  border-radius: 0.25rem;
  width: 100%;
  padding: 0.5rem;
  -webkit-transition: outline 0.2s,border 0.2s;
  transition: outline 0.2s,border 0.2s;
}

.c1:focus {
  border-color: #8CCFDE;
}

.c2 {
  margin-top: 0.5rem;
}

.c0 {
  padding: 0.25rem;
}

<div>
    <form
      action="#"
      class="c0"
    >
      <div>
        <input
          class="c1"
          name="input"
          placeholder="my input"
          value="my input"
        />
      </div>
      <div
        class="c2"
        size="2"
      />
      <button
        class="c3"
        type="submit"
      >
        Confirm
      </button>
    </form>
  </div>,
  "debug": [Function],
  "findAllByAltText": [Function],
  "findAllByDisplayValue": [Function],
  "findAllByLabelText": [Function],
  "findAllByPlaceholderText": [Function],
  "findAllByRole": [Function],
  "findAllByTestId": [Function],
  "findAllByText": [Function],
  "findAllByTitle": [Function],
  "findByAltText": [Function],
  "findByDisplayValue": [Function],
  "findByLabelText": [Function],
  "findByPlaceholderText": [Function],
  "findByRole": [Function],
  "findByTestId": [Function],
  "findByText": [Function],
  "findByTitle": [Function],
  "getAllByAltText": [Function],
  "getAllByDisplayValue": [Function],
  "getAllByLabelText": [Function],
  "getAllByPlaceholderText": [Function],
  "getAllByRole": [Function],
  "getAllByTestId": [Function],
  "getAllByText": [Function],
  "getAllByTitle": [Function],
  "getByAltText": [Function],
  "getByDisplayValue": [Function],
  "getByLabelText": [Function],
  "getByPlaceholderText": [Function],
  "getByRole": [Function],
  "getByTestId": [Function],
  "getByText": [Function],
  "getByTitle": [Function],
  "queryAllByAltText": [Function],
  "queryAllByDisplayValue": [Function],
  "queryAllByLabelText": [Function],
  "queryAllByPlaceholderText": [Function],
  "queryAllByRole": [Function],
  "queryAllByTestId": [Function],
  "queryAllByText": [Function],
  "queryAllByTitle": [Function],
  "queryByAltText": [Function],
  "queryByDisplayValue": [Function],
  "queryByLabelText": [Function],
  "queryByPlaceholderText": [Function],
  "queryByRole": [Function],
  "queryByTestId": [Function],
  "queryByText": [Function],
  "queryByTitle": [Function],
  "rerender": [Function],
  "unmount": [Function],
}
`;
