// Jest Snapshot v1, https://goo.gl/fbAQLP

exports[`CartListItem should render correctly 1`] = `
Object {
  "asFragment": [Function],
  "baseElement": .c0 {
  background-color: #FFFFFF;
  border-radius: 0.5rem;
  padding: 0.5rem;
  display: grid;
  grid-template-areas: 'name price button' 'quantity price button';
  grid-template-columns: 4fr 1fr 3rem;
  gap: 0.25rem;
  -webkit-align-items: center;
  -webkit-box-align: center;
  -ms-flex-align: center;
  align-items: center;
}

.c0 .name {
  grid-area: name;
}

.c0 .quantity {
  grid-area: quantity;
  display: -webkit-box;
  display: -webkit-flex;
  display: -ms-flexbox;
  display: flex;
  -webkit-flex-direction: column;
  -ms-flex-direction: column;
  flex-direction: column;
  -webkit-align-items: center;
  -webkit-box-align: center;
  -ms-flex-align: center;
  align-items: center;
  font-size: 0.7rem;
}

.c0 .quantity input {
  outline: none;
  font-size: 0.7rem;
  max-width: 4rem;
}

.c0 .price {
  grid-area: price;
  color: #244f5c;
  justify-self: end;
}

.c0 button {
  grid-area: button;
  justify-self: end;
}

@media (min-width:768px) {
  .c0 {
    grid-template-areas: 'name quantity price button';
    grid-template-columns: 4fr 1fr 1fr 3rem;
  }
}

<body>
    <div>
      <li
        class="c0"
      >
        <p
          class="name"
        >
          name
        </p>
        <div
          class="quantity"
        >
          <label>
            Quantity
          </label>
          <input
            data-testid="cartListItem-input"
            type="number"
            value="4"
          />
        </div>
        <p
          class="price"
        >
          $
          40.00
        </p>
        <button>
          <svg
            fill="currentColor"
            height="1em"
            stroke="currentColor"
            stroke-width="0"
            viewBox="0 0 448 512"
            width="1em"
            xmlns="http://www.w3.org/2000/svg"
          >
            <path
              d="M432 32H312l-9.4-18.7A24 24 0 0 0 281.1 0H166.8a23.72 23.72 0 0 0-21.4 13.3L136 32H16A16 16 0 0 0 0 48v32a16 16 0 0 0 16 16h416a16 16 0 0 0 16-16V48a16 16 0 0 0-16-16zM53.2 467a48 48 0 0 0 47.9 45h245.8a48 48 0 0 0 47.9-45L416 128H32z"
            />
          </svg>
        </button>
      </li>
    </div>
  </body>,
  "container": .c0 {
  background-color: #FFFFFF;
  border-radius: 0.5rem;
  padding: 0.5rem;
  display: grid;
  grid-template-areas: 'name price button' 'quantity price button';
  grid-template-columns: 4fr 1fr 3rem;
  gap: 0.25rem;
  -webkit-align-items: center;
  -webkit-box-align: center;
  -ms-flex-align: center;
  align-items: center;
}

.c0 .name {
  grid-area: name;
}

.c0 .quantity {
  grid-area: quantity;
  display: -webkit-box;
  display: -webkit-flex;
  display: -ms-flexbox;
  display: flex;
  -webkit-flex-direction: column;
  -ms-flex-direction: column;
  flex-direction: column;
  -webkit-align-items: center;
  -webkit-box-align: center;
  -ms-flex-align: center;
  align-items: center;
  font-size: 0.7rem;
}

.c0 .quantity input {
  outline: none;
  font-size: 0.7rem;
  max-width: 4rem;
}

.c0 .price {
  grid-area: price;
  color: #244f5c;
  justify-self: end;
}

.c0 button {
  grid-area: button;
  justify-self: end;
}

@media (min-width:768px) {
  .c0 {
    grid-template-areas: 'name quantity price button';
    grid-template-columns: 4fr 1fr 1fr 3rem;
  }
}

<div>
    <li
      class="c0"
    >
      <p
        class="name"
      >
        name
      </p>
      <div
        class="quantity"
      >
        <label>
          Quantity
        </label>
        <input
          data-testid="cartListItem-input"
          type="number"
          value="4"
        />
      </div>
      <p
        class="price"
      >
        $
        40.00
      </p>
      <button>
        <svg
          fill="currentColor"
          height="1em"
          stroke="currentColor"
          stroke-width="0"
          viewBox="0 0 448 512"
          width="1em"
          xmlns="http://www.w3.org/2000/svg"
        >
          <path
            d="M432 32H312l-9.4-18.7A24 24 0 0 0 281.1 0H166.8a23.72 23.72 0 0 0-21.4 13.3L136 32H16A16 16 0 0 0 0 48v32a16 16 0 0 0 16 16h416a16 16 0 0 0 16-16V48a16 16 0 0 0-16-16zM53.2 467a48 48 0 0 0 47.9 45h245.8a48 48 0 0 0 47.9-45L416 128H32z"
          />
        </svg>
      </button>
    </li>
  </div>,
  "debug": [Function],
  "findAllByAltText": [Function],
  "findAllByDisplayValue": [Function],
  "findAllByLabelText": [Function],
  "findAllByPlaceholderText": [Function],
  "findAllByRole": [Function],
  "findAllByTestId": [Function],
  "findAllByText": [Function],
  "findAllByTitle": [Function],
  "findByAltText": [Function],
  "findByDisplayValue": [Function],
  "findByLabelText": [Function],
  "findByPlaceholderText": [Function],
  "findByRole": [Function],
  "findByTestId": [Function],
  "findByText": [Function],
  "findByTitle": [Function],
  "getAllByAltText": [Function],
  "getAllByDisplayValue": [Function],
  "getAllByLabelText": [Function],
  "getAllByPlaceholderText": [Function],
  "getAllByRole": [Function],
  "getAllByTestId": [Function],
  "getAllByText": [Function],
  "getAllByTitle": [Function],
  "getByAltText": [Function],
  "getByDisplayValue": [Function],
  "getByLabelText": [Function],
  "getByPlaceholderText": [Function],
  "getByRole": [Function],
  "getByTestId": [Function],
  "getByText": [Function],
  "getByTitle": [Function],
  "queryAllByAltText": [Function],
  "queryAllByDisplayValue": [Function],
  "queryAllByLabelText": [Function],
  "queryAllByPlaceholderText": [Function],
  "queryAllByRole": [Function],
  "queryAllByTestId": [Function],
  "queryAllByText": [Function],
  "queryAllByTitle": [Function],
  "queryByAltText": [Function],
  "queryByDisplayValue": [Function],
  "queryByLabelText": [Function],
  "queryByPlaceholderText": [Function],
  "queryByRole": [Function],
  "queryByTestId": [Function],
  "queryByText": [Function],
  "queryByTitle": [Function],
  "rerender": [Function],
  "unmount": [Function],
}
`;
