// Jest Snapshot v1, https://goo.gl/fbAQLP

exports[`EntityForm should render the component correctly, displaying the title and the form 1`] = `
Object {
  "asFragment": [Function],
  "baseElement": .c4 {
  padding: 0.5rem 1rem;
  border-radius: 0.5rem;
  -webkit-transition: background-color 0.2s;
  transition: background-color 0.2s;
  display: -webkit-box;
  display: -webkit-flex;
  display: -ms-flexbox;
  display: flex;
  -webkit-align-items: center;
  -webkit-box-align: center;
  -ms-flex-align: center;
  align-items: center;
  gap: 0.25rem;
  background-color: #754A56;
  color: #FFFFFF;
}

.c4:hover {
  background-color: #845864;
}

.c1 {
  background-color: #FFFFFF;
  border-radius: 1rem;
}

.c3 {
  margin-top: 1rem;
}

.c0 {
  display: -webkit-box;
  display: -webkit-flex;
  display: -ms-flexbox;
  display: flex;
  -webkit-box-pack: center;
  -webkit-justify-content: center;
  -ms-flex-pack: center;
  justify-content: center;
}

.c2 {
  padding: 1rem;
  margin: 0.25rem;
  width: 100%;
  max-width: 50rem;
}

<body>
    <div>
      <section
        class="c0"
      >
        <main
          class="c1 c2"
        >
          <h1>
            Form
          </h1>
          <div
            class="c3"
            size="4"
          />
          <form
            action="#"
          >
            <button
              class="c4"
              type="submit"
            >
              Button
            </button>
          </form>
        </main>
      </section>
    </div>
  </body>,
  "container": .c4 {
  padding: 0.5rem 1rem;
  border-radius: 0.5rem;
  -webkit-transition: background-color 0.2s;
  transition: background-color 0.2s;
  display: -webkit-box;
  display: -webkit-flex;
  display: -ms-flexbox;
  display: flex;
  -webkit-align-items: center;
  -webkit-box-align: center;
  -ms-flex-align: center;
  align-items: center;
  gap: 0.25rem;
  background-color: #754A56;
  color: #FFFFFF;
}

.c4:hover {
  background-color: #845864;
}

.c1 {
  background-color: #FFFFFF;
  border-radius: 1rem;
}

.c3 {
  margin-top: 1rem;
}

.c0 {
  display: -webkit-box;
  display: -webkit-flex;
  display: -ms-flexbox;
  display: flex;
  -webkit-box-pack: center;
  -webkit-justify-content: center;
  -ms-flex-pack: center;
  justify-content: center;
}

.c2 {
  padding: 1rem;
  margin: 0.25rem;
  width: 100%;
  max-width: 50rem;
}

<div>
    <section
      class="c0"
    >
      <main
        class="c1 c2"
      >
        <h1>
          Form
        </h1>
        <div
          class="c3"
          size="4"
        />
        <form
          action="#"
        >
          <button
            class="c4"
            type="submit"
          >
            Button
          </button>
        </form>
      </main>
    </section>
  </div>,
  "debug": [Function],
  "findAllByAltText": [Function],
  "findAllByDisplayValue": [Function],
  "findAllByLabelText": [Function],
  "findAllByPlaceholderText": [Function],
  "findAllByRole": [Function],
  "findAllByTestId": [Function],
  "findAllByText": [Function],
  "findAllByTitle": [Function],
  "findByAltText": [Function],
  "findByDisplayValue": [Function],
  "findByLabelText": [Function],
  "findByPlaceholderText": [Function],
  "findByRole": [Function],
  "findByTestId": [Function],
  "findByText": [Function],
  "findByTitle": [Function],
  "getAllByAltText": [Function],
  "getAllByDisplayValue": [Function],
  "getAllByLabelText": [Function],
  "getAllByPlaceholderText": [Function],
  "getAllByRole": [Function],
  "getAllByTestId": [Function],
  "getAllByText": [Function],
  "getAllByTitle": [Function],
  "getByAltText": [Function],
  "getByDisplayValue": [Function],
  "getByLabelText": [Function],
  "getByPlaceholderText": [Function],
  "getByRole": [Function],
  "getByTestId": [Function],
  "getByText": [Function],
  "getByTitle": [Function],
  "queryAllByAltText": [Function],
  "queryAllByDisplayValue": [Function],
  "queryAllByLabelText": [Function],
  "queryAllByPlaceholderText": [Function],
  "queryAllByRole": [Function],
  "queryAllByTestId": [Function],
  "queryAllByText": [Function],
  "queryAllByTitle": [Function],
  "queryByAltText": [Function],
  "queryByDisplayValue": [Function],
  "queryByLabelText": [Function],
  "queryByPlaceholderText": [Function],
  "queryByRole": [Function],
  "queryByTestId": [Function],
  "queryByText": [Function],
  "queryByTitle": [Function],
  "rerender": [Function],
  "unmount": [Function],
}
`;
